[2025-08-10 03:29:04] local.ERROR: SQLSTATE[HY000] [2002] No such file or directory (SQL: select * from `tl_plugins`) {"exception":"[object] (Illuminate\\Database\\QueryException(code: 2002): SQLSTATE[HY000] [2002] No such file or directory (SQL: select * from `tl_plugins`) at /home/medo/work/eco-jara/fashly/vendor/laravel/framework/src/Illuminate/Database/Connection.php:760)
[stacktrace]
#0 /home/medo/work/eco-jara/fashly/vendor/laravel/framework/src/Illuminate/Database/Connection.php(899): Illuminate\\Database\\Connection->runQueryCallback('select * from `...', Array, Object(Closure))
#1 /home/medo/work/eco-jara/fashly/vendor/laravel/framework/src/Illuminate/Database/Connection.php(878): Illuminate\\Database\\Connection->tryAgainIfCausedByLostConnection(Object(Illuminate\\Database\\QueryException), 'select * from `...', Array, Object(Closure))
#2 /home/medo/work/eco-jara/fashly/vendor/laravel/framework/src/Illuminate/Database/Connection.php(722): Illuminate\\Database\\Connection->handleQueryException(Object(Illuminate\\Database\\QueryException), 'select * from `...', Array, Object(Closure))
#3 /home/medo/work/eco-jara/fashly/vendor/laravel/framework/src/Illuminate/Database/Connection.php(405): Illuminate\\Database\\Connection->run('select * from `...', Array, Object(Closure))
#4 /home/medo/work/eco-jara/fashly/vendor/laravel/framework/src/Illuminate/Database/Query/Builder.php(2705): Illuminate\\Database\\Connection->select('select * from `...', Array, true)
#5 /home/medo/work/eco-jara/fashly/vendor/laravel/framework/src/Illuminate/Database/Query/Builder.php(2694): Illuminate\\Database\\Query\\Builder->runSelect()
#6 /home/medo/work/eco-jara/fashly/vendor/laravel/framework/src/Illuminate/Database/Query/Builder.php(3230): Illuminate\\Database\\Query\\Builder->{closure:Illuminate\\Database\\Query\\Builder::get():2693}()
#7 /home/medo/work/eco-jara/fashly/vendor/laravel/framework/src/Illuminate/Database/Query/Builder.php(2693): Illuminate\\Database\\Query\\Builder->onceWithColumns(Array, Object(Closure))
#8 /home/medo/work/eco-jara/fashly/vendor/laravel/framework/src/Illuminate/Database/Eloquent/Builder.php(710): Illuminate\\Database\\Query\\Builder->get(Array)
#9 /home/medo/work/eco-jara/fashly/vendor/laravel/framework/src/Illuminate/Database/Eloquent/Builder.php(694): Illuminate\\Database\\Eloquent\\Builder->getModels(Array)
#10 /home/medo/work/eco-jara/fashly/vendor/laravel/framework/src/Illuminate/Database/Eloquent/Model.php(673): Illuminate\\Database\\Eloquent\\Builder->get(Array)
#11 /home/medo/work/eco-jara/fashly/vendor/themelooks/coreservice/src/CoreServiceProvider.php(20): Illuminate\\Database\\Eloquent\\Model::all()
#12 /home/medo/work/eco-jara/fashly/vendor/laravel/framework/src/Illuminate/Container/Container.php(885): ThemeLooks\\CoreService\\CoreServiceProvider->{closure:ThemeLooks\\CoreService\\CoreServiceProvider::register():19}(Object(Illuminate\\Foundation\\Application), Array)
#13 /home/medo/work/eco-jara/fashly/vendor/laravel/framework/src/Illuminate/Container/Container.php(770): Illuminate\\Container\\Container->build(Object(Closure))
#14 /home/medo/work/eco-jara/fashly/vendor/laravel/framework/src/Illuminate/Foundation/Application.php(856): Illuminate\\Container\\Container->resolve('pluginManager', Array, true)
#15 /home/medo/work/eco-jara/fashly/vendor/laravel/framework/src/Illuminate/Container/Container.php(706): Illuminate\\Foundation\\Application->resolve('pluginManager', Array)
#16 /home/medo/work/eco-jara/fashly/vendor/laravel/framework/src/Illuminate/Foundation/Application.php(841): Illuminate\\Container\\Container->make('pluginManager', Array)
#17 /home/medo/work/eco-jara/fashly/vendor/laravel/framework/src/Illuminate/Support/Facades/Facade.php(338): Illuminate\\Foundation\\Application->make('pluginManager')
#18 /home/medo/work/eco-jara/fashly/Core/Helpers/Plugin.php(14): Illuminate\\Support\\Facades\\Facade::__callStatic('make', Array)
#19 /home/medo/work/eco-jara/fashly/vendor/themelooks/coreservice/src/CoreServiceProvider.php(123): getActivePlugins()
#20 /home/medo/work/eco-jara/fashly/vendor/themelooks/coreservice/src/CoreServiceProvider.php(43): ThemeLooks\\CoreService\\CoreServiceProvider->registerPlugins()
#21 /home/medo/work/eco-jara/fashly/vendor/laravel/framework/src/Illuminate/Container/BoundMethod.php(36): ThemeLooks\\CoreService\\CoreServiceProvider->boot()
#22 /home/medo/work/eco-jara/fashly/vendor/laravel/framework/src/Illuminate/Container/Util.php(41): Illuminate\\Container\\BoundMethod::{closure:Illuminate\\Container\\BoundMethod::call():35}()
#23 /home/medo/work/eco-jara/fashly/vendor/laravel/framework/src/Illuminate/Container/BoundMethod.php(93): Illuminate\\Container\\Util::unwrapIfClosure(Object(Closure))
#24 /home/medo/work/eco-jara/fashly/vendor/laravel/framework/src/Illuminate/Container/BoundMethod.php(35): Illuminate\\Container\\BoundMethod::callBoundMethod(Object(Illuminate\\Foundation\\Application), Array, Object(Closure))
#25 /home/medo/work/eco-jara/fashly/vendor/laravel/framework/src/Illuminate/Container/Container.php(661): Illuminate\\Container\\BoundMethod::call(Object(Illuminate\\Foundation\\Application), Array, Array, NULL)
#26 /home/medo/work/eco-jara/fashly/vendor/laravel/framework/src/Illuminate/Foundation/Application.php(929): Illuminate\\Container\\Container->call(Array)
#27 /home/medo/work/eco-jara/fashly/vendor/laravel/framework/src/Illuminate/Foundation/Application.php(910): Illuminate\\Foundation\\Application->bootProvider(Object(ThemeLooks\\CoreService\\CoreServiceProvider))
#28 [internal function]: Illuminate\\Foundation\\Application->{closure:Illuminate\\Foundation\\Application::boot():909}(Object(ThemeLooks\\CoreService\\CoreServiceProvider), 38)
#29 /home/medo/work/eco-jara/fashly/vendor/laravel/framework/src/Illuminate/Foundation/Application.php(909): array_walk(Array, Object(Closure))
#30 /home/medo/work/eco-jara/fashly/vendor/laravel/framework/src/Illuminate/Foundation/Bootstrap/BootProviders.php(17): Illuminate\\Foundation\\Application->boot()
#31 /home/medo/work/eco-jara/fashly/vendor/laravel/framework/src/Illuminate/Foundation/Application.php(242): Illuminate\\Foundation\\Bootstrap\\BootProviders->bootstrap(Object(Illuminate\\Foundation\\Application))
#32 /home/medo/work/eco-jara/fashly/vendor/laravel/framework/src/Illuminate/Foundation/Console/Kernel.php(383): Illuminate\\Foundation\\Application->bootstrapWith(Array)
#33 /home/medo/work/eco-jara/fashly/vendor/laravel/framework/src/Illuminate/Foundation/Console/Kernel.php(153): Illuminate\\Foundation\\Console\\Kernel->bootstrap()
#34 Command line code(1): Illuminate\\Foundation\\Console\\Kernel->handle(Object(Symfony\\Component\\Console\\Input\\ArgvInput), Object(Symfony\\Component\\Console\\Output\\ConsoleOutput))
#35 {main}

[previous exception] [object] (PDOException(code: 2002): SQLSTATE[HY000] [2002] No such file or directory at /home/medo/work/eco-jara/fashly/vendor/laravel/framework/src/Illuminate/Database/Connectors/Connector.php:70)
[stacktrace]
#0 /home/medo/work/eco-jara/fashly/vendor/laravel/framework/src/Illuminate/Database/Connectors/Connector.php(70): PDO->__construct('mysql:host=loca...', 'root', Object(SensitiveParameterValue), Array)
#1 /home/medo/work/eco-jara/fashly/vendor/laravel/framework/src/Illuminate/Database/Connectors/Connector.php(100): Illuminate\\Database\\Connectors\\Connector->createPdoConnection('mysql:host=loca...', 'root', '123456', Array)
#2 /home/medo/work/eco-jara/fashly/vendor/laravel/framework/src/Illuminate/Database/Connectors/Connector.php(49): Illuminate\\Database\\Connectors\\Connector->tryAgainIfCausedByLostConnection(Object(PDOException), 'mysql:host=loca...', 'root', '123456', Array)
#3 /home/medo/work/eco-jara/fashly/vendor/laravel/framework/src/Illuminate/Database/Connectors/MySqlConnector.php(24): Illuminate\\Database\\Connectors\\Connector->createConnection('mysql:host=loca...', Array, Array)
#4 /home/medo/work/eco-jara/fashly/vendor/laravel/framework/src/Illuminate/Database/Connectors/ConnectionFactory.php(184): Illuminate\\Database\\Connectors\\MySqlConnector->connect(Array)
#5 [internal function]: Illuminate\\Database\\Connectors\\ConnectionFactory->{closure:Illuminate\\Database\\Connectors\\ConnectionFactory::createPdoResolverWithHosts():179}()
#6 /home/medo/work/eco-jara/fashly/vendor/laravel/framework/src/Illuminate/Database/Connection.php(1181): call_user_func(Object(Closure))
#7 /home/medo/work/eco-jara/fashly/vendor/laravel/framework/src/Illuminate/Database/Connection.php(1217): Illuminate\\Database\\Connection->getPdo()
#8 /home/medo/work/eco-jara/fashly/vendor/laravel/framework/src/Illuminate/Database/Connection.php(486): Illuminate\\Database\\Connection->getReadPdo()
#9 /home/medo/work/eco-jara/fashly/vendor/laravel/framework/src/Illuminate/Database/Connection.php(414): Illuminate\\Database\\Connection->getPdoForSelect(true)
#10 /home/medo/work/eco-jara/fashly/vendor/laravel/framework/src/Illuminate/Database/Connection.php(753): Illuminate\\Database\\Connection->{closure:Illuminate\\Database\\Connection::select():405}('select * from `...', Array)
#11 /home/medo/work/eco-jara/fashly/vendor/laravel/framework/src/Illuminate/Database/Connection.php(899): Illuminate\\Database\\Connection->runQueryCallback('select * from `...', Array, Object(Closure))
#12 /home/medo/work/eco-jara/fashly/vendor/laravel/framework/src/Illuminate/Database/Connection.php(878): Illuminate\\Database\\Connection->tryAgainIfCausedByLostConnection(Object(Illuminate\\Database\\QueryException), 'select * from `...', Array, Object(Closure))
#13 /home/medo/work/eco-jara/fashly/vendor/laravel/framework/src/Illuminate/Database/Connection.php(722): Illuminate\\Database\\Connection->handleQueryException(Object(Illuminate\\Database\\QueryException), 'select * from `...', Array, Object(Closure))
#14 /home/medo/work/eco-jara/fashly/vendor/laravel/framework/src/Illuminate/Database/Connection.php(405): Illuminate\\Database\\Connection->run('select * from `...', Array, Object(Closure))
#15 /home/medo/work/eco-jara/fashly/vendor/laravel/framework/src/Illuminate/Database/Query/Builder.php(2705): Illuminate\\Database\\Connection->select('select * from `...', Array, true)
#16 /home/medo/work/eco-jara/fashly/vendor/laravel/framework/src/Illuminate/Database/Query/Builder.php(2694): Illuminate\\Database\\Query\\Builder->runSelect()
#17 /home/medo/work/eco-jara/fashly/vendor/laravel/framework/src/Illuminate/Database/Query/Builder.php(3230): Illuminate\\Database\\Query\\Builder->{closure:Illuminate\\Database\\Query\\Builder::get():2693}()
#18 /home/medo/work/eco-jara/fashly/vendor/laravel/framework/src/Illuminate/Database/Query/Builder.php(2693): Illuminate\\Database\\Query\\Builder->onceWithColumns(Array, Object(Closure))
#19 /home/medo/work/eco-jara/fashly/vendor/laravel/framework/src/Illuminate/Database/Eloquent/Builder.php(710): Illuminate\\Database\\Query\\Builder->get(Array)
#20 /home/medo/work/eco-jara/fashly/vendor/laravel/framework/src/Illuminate/Database/Eloquent/Builder.php(694): Illuminate\\Database\\Eloquent\\Builder->getModels(Array)
#21 /home/medo/work/eco-jara/fashly/vendor/laravel/framework/src/Illuminate/Database/Eloquent/Model.php(673): Illuminate\\Database\\Eloquent\\Builder->get(Array)
#22 /home/medo/work/eco-jara/fashly/vendor/themelooks/coreservice/src/CoreServiceProvider.php(20): Illuminate\\Database\\Eloquent\\Model::all()
#23 /home/medo/work/eco-jara/fashly/vendor/laravel/framework/src/Illuminate/Container/Container.php(885): ThemeLooks\\CoreService\\CoreServiceProvider->{closure:ThemeLooks\\CoreService\\CoreServiceProvider::register():19}(Object(Illuminate\\Foundation\\Application), Array)
#24 /home/medo/work/eco-jara/fashly/vendor/laravel/framework/src/Illuminate/Container/Container.php(770): Illuminate\\Container\\Container->build(Object(Closure))
#25 /home/medo/work/eco-jara/fashly/vendor/laravel/framework/src/Illuminate/Foundation/Application.php(856): Illuminate\\Container\\Container->resolve('pluginManager', Array, true)
#26 /home/medo/work/eco-jara/fashly/vendor/laravel/framework/src/Illuminate/Container/Container.php(706): Illuminate\\Foundation\\Application->resolve('pluginManager', Array)
#27 /home/medo/work/eco-jara/fashly/vendor/laravel/framework/src/Illuminate/Foundation/Application.php(841): Illuminate\\Container\\Container->make('pluginManager', Array)
#28 /home/medo/work/eco-jara/fashly/vendor/laravel/framework/src/Illuminate/Support/Facades/Facade.php(338): Illuminate\\Foundation\\Application->make('pluginManager')
#29 /home/medo/work/eco-jara/fashly/Core/Helpers/Plugin.php(14): Illuminate\\Support\\Facades\\Facade::__callStatic('make', Array)
#30 /home/medo/work/eco-jara/fashly/vendor/themelooks/coreservice/src/CoreServiceProvider.php(123): getActivePlugins()
#31 /home/medo/work/eco-jara/fashly/vendor/themelooks/coreservice/src/CoreServiceProvider.php(43): ThemeLooks\\CoreService\\CoreServiceProvider->registerPlugins()
#32 /home/medo/work/eco-jara/fashly/vendor/laravel/framework/src/Illuminate/Container/BoundMethod.php(36): ThemeLooks\\CoreService\\CoreServiceProvider->boot()
#33 /home/medo/work/eco-jara/fashly/vendor/laravel/framework/src/Illuminate/Container/Util.php(41): Illuminate\\Container\\BoundMethod::{closure:Illuminate\\Container\\BoundMethod::call():35}()
#34 /home/medo/work/eco-jara/fashly/vendor/laravel/framework/src/Illuminate/Container/BoundMethod.php(93): Illuminate\\Container\\Util::unwrapIfClosure(Object(Closure))
#35 /home/medo/work/eco-jara/fashly/vendor/laravel/framework/src/Illuminate/Container/BoundMethod.php(35): Illuminate\\Container\\BoundMethod::callBoundMethod(Object(Illuminate\\Foundation\\Application), Array, Object(Closure))
#36 /home/medo/work/eco-jara/fashly/vendor/laravel/framework/src/Illuminate/Container/Container.php(661): Illuminate\\Container\\BoundMethod::call(Object(Illuminate\\Foundation\\Application), Array, Array, NULL)
#37 /home/medo/work/eco-jara/fashly/vendor/laravel/framework/src/Illuminate/Foundation/Application.php(929): Illuminate\\Container\\Container->call(Array)
#38 /home/medo/work/eco-jara/fashly/vendor/laravel/framework/src/Illuminate/Foundation/Application.php(910): Illuminate\\Foundation\\Application->bootProvider(Object(ThemeLooks\\CoreService\\CoreServiceProvider))
#39 [internal function]: Illuminate\\Foundation\\Application->{closure:Illuminate\\Foundation\\Application::boot():909}(Object(ThemeLooks\\CoreService\\CoreServiceProvider), 38)
#40 /home/medo/work/eco-jara/fashly/vendor/laravel/framework/src/Illuminate/Foundation/Application.php(909): array_walk(Array, Object(Closure))
#41 /home/medo/work/eco-jara/fashly/vendor/laravel/framework/src/Illuminate/Foundation/Bootstrap/BootProviders.php(17): Illuminate\\Foundation\\Application->boot()
#42 /home/medo/work/eco-jara/fashly/vendor/laravel/framework/src/Illuminate/Foundation/Application.php(242): Illuminate\\Foundation\\Bootstrap\\BootProviders->bootstrap(Object(Illuminate\\Foundation\\Application))
#43 /home/medo/work/eco-jara/fashly/vendor/laravel/framework/src/Illuminate/Foundation/Console/Kernel.php(383): Illuminate\\Foundation\\Application->bootstrapWith(Array)
#44 /home/medo/work/eco-jara/fashly/vendor/laravel/framework/src/Illuminate/Foundation/Console/Kernel.php(153): Illuminate\\Foundation\\Console\\Kernel->bootstrap()
#45 Command line code(1): Illuminate\\Foundation\\Console\\Kernel->handle(Object(Symfony\\Component\\Console\\Input\\ArgvInput), Object(Symfony\\Component\\Console\\Output\\ConsoleOutput))
#46 {main}
"} 
[2025-08-10 03:29:04] local.ERROR: SQLSTATE[HY000] [2002] No such file or directory (SQL: select * from `tl_plugins`) {"exception":"[object] (Illuminate\\Database\\QueryException(code: 2002): SQLSTATE[HY000] [2002] No such file or directory (SQL: select * from `tl_plugins`) at /home/medo/work/eco-jara/fashly/vendor/laravel/framework/src/Illuminate/Database/Connection.php:760)
[stacktrace]
#0 /home/medo/work/eco-jara/fashly/vendor/laravel/framework/src/Illuminate/Database/Connection.php(899): Illuminate\\Database\\Connection->runQueryCallback('select * from `...', Array, Object(Closure))
#1 /home/medo/work/eco-jara/fashly/vendor/laravel/framework/src/Illuminate/Database/Connection.php(878): Illuminate\\Database\\Connection->tryAgainIfCausedByLostConnection(Object(Illuminate\\Database\\QueryException), 'select * from `...', Array, Object(Closure))
#2 /home/medo/work/eco-jara/fashly/vendor/laravel/framework/src/Illuminate/Database/Connection.php(722): Illuminate\\Database\\Connection->handleQueryException(Object(Illuminate\\Database\\QueryException), 'select * from `...', Array, Object(Closure))
#3 /home/medo/work/eco-jara/fashly/vendor/laravel/framework/src/Illuminate/Database/Connection.php(405): Illuminate\\Database\\Connection->run('select * from `...', Array, Object(Closure))
#4 /home/medo/work/eco-jara/fashly/vendor/laravel/framework/src/Illuminate/Database/Query/Builder.php(2705): Illuminate\\Database\\Connection->select('select * from `...', Array, true)
#5 /home/medo/work/eco-jara/fashly/vendor/laravel/framework/src/Illuminate/Database/Query/Builder.php(2694): Illuminate\\Database\\Query\\Builder->runSelect()
#6 /home/medo/work/eco-jara/fashly/vendor/laravel/framework/src/Illuminate/Database/Query/Builder.php(3230): Illuminate\\Database\\Query\\Builder->{closure:Illuminate\\Database\\Query\\Builder::get():2693}()
#7 /home/medo/work/eco-jara/fashly/vendor/laravel/framework/src/Illuminate/Database/Query/Builder.php(2693): Illuminate\\Database\\Query\\Builder->onceWithColumns(Array, Object(Closure))
#8 /home/medo/work/eco-jara/fashly/vendor/laravel/framework/src/Illuminate/Database/Eloquent/Builder.php(710): Illuminate\\Database\\Query\\Builder->get(Array)
#9 /home/medo/work/eco-jara/fashly/vendor/laravel/framework/src/Illuminate/Database/Eloquent/Builder.php(694): Illuminate\\Database\\Eloquent\\Builder->getModels(Array)
#10 /home/medo/work/eco-jara/fashly/vendor/laravel/framework/src/Illuminate/Database/Eloquent/Model.php(673): Illuminate\\Database\\Eloquent\\Builder->get(Array)
#11 /home/medo/work/eco-jara/fashly/vendor/themelooks/coreservice/src/CoreServiceProvider.php(20): Illuminate\\Database\\Eloquent\\Model::all()
#12 /home/medo/work/eco-jara/fashly/vendor/laravel/framework/src/Illuminate/Container/Container.php(885): ThemeLooks\\CoreService\\CoreServiceProvider->{closure:ThemeLooks\\CoreService\\CoreServiceProvider::register():19}(Object(Illuminate\\Foundation\\Application), Array)
#13 /home/medo/work/eco-jara/fashly/vendor/laravel/framework/src/Illuminate/Container/Container.php(770): Illuminate\\Container\\Container->build(Object(Closure))
#14 /home/medo/work/eco-jara/fashly/vendor/laravel/framework/src/Illuminate/Foundation/Application.php(856): Illuminate\\Container\\Container->resolve('pluginManager', Array, true)
#15 /home/medo/work/eco-jara/fashly/vendor/laravel/framework/src/Illuminate/Container/Container.php(706): Illuminate\\Foundation\\Application->resolve('pluginManager', Array)
#16 /home/medo/work/eco-jara/fashly/vendor/laravel/framework/src/Illuminate/Foundation/Application.php(841): Illuminate\\Container\\Container->make('pluginManager', Array)
#17 /home/medo/work/eco-jara/fashly/vendor/laravel/framework/src/Illuminate/Support/Facades/Facade.php(338): Illuminate\\Foundation\\Application->make('pluginManager')
#18 /home/medo/work/eco-jara/fashly/Core/Helpers/Plugin.php(14): Illuminate\\Support\\Facades\\Facade::__callStatic('make', Array)
#19 /home/medo/work/eco-jara/fashly/vendor/themelooks/coreservice/src/CoreServiceProvider.php(123): getActivePlugins()
#20 /home/medo/work/eco-jara/fashly/vendor/themelooks/coreservice/src/CoreServiceProvider.php(43): ThemeLooks\\CoreService\\CoreServiceProvider->registerPlugins()
#21 /home/medo/work/eco-jara/fashly/vendor/laravel/framework/src/Illuminate/Container/BoundMethod.php(36): ThemeLooks\\CoreService\\CoreServiceProvider->boot()
#22 /home/medo/work/eco-jara/fashly/vendor/laravel/framework/src/Illuminate/Container/Util.php(41): Illuminate\\Container\\BoundMethod::{closure:Illuminate\\Container\\BoundMethod::call():35}()
#23 /home/medo/work/eco-jara/fashly/vendor/laravel/framework/src/Illuminate/Container/BoundMethod.php(93): Illuminate\\Container\\Util::unwrapIfClosure(Object(Closure))
#24 /home/medo/work/eco-jara/fashly/vendor/laravel/framework/src/Illuminate/Container/BoundMethod.php(35): Illuminate\\Container\\BoundMethod::callBoundMethod(Object(Illuminate\\Foundation\\Application), Array, Object(Closure))
#25 /home/medo/work/eco-jara/fashly/vendor/laravel/framework/src/Illuminate/Container/Container.php(661): Illuminate\\Container\\BoundMethod::call(Object(Illuminate\\Foundation\\Application), Array, Array, NULL)
#26 /home/medo/work/eco-jara/fashly/vendor/laravel/framework/src/Illuminate/Foundation/Application.php(929): Illuminate\\Container\\Container->call(Array)
#27 /home/medo/work/eco-jara/fashly/vendor/laravel/framework/src/Illuminate/Foundation/Application.php(910): Illuminate\\Foundation\\Application->bootProvider(Object(ThemeLooks\\CoreService\\CoreServiceProvider))
#28 [internal function]: Illuminate\\Foundation\\Application->{closure:Illuminate\\Foundation\\Application::boot():909}(Object(ThemeLooks\\CoreService\\CoreServiceProvider), 38)
#29 /home/medo/work/eco-jara/fashly/vendor/laravel/framework/src/Illuminate/Foundation/Application.php(909): array_walk(Array, Object(Closure))
#30 /home/medo/work/eco-jara/fashly/vendor/laravel/framework/src/Illuminate/Foundation/Bootstrap/BootProviders.php(17): Illuminate\\Foundation\\Application->boot()
#31 /home/medo/work/eco-jara/fashly/vendor/laravel/framework/src/Illuminate/Foundation/Application.php(242): Illuminate\\Foundation\\Bootstrap\\BootProviders->bootstrap(Object(Illuminate\\Foundation\\Application))
#32 /home/medo/work/eco-jara/fashly/vendor/laravel/framework/src/Illuminate/Foundation/Console/Kernel.php(383): Illuminate\\Foundation\\Application->bootstrapWith(Array)
#33 /home/medo/work/eco-jara/fashly/vendor/laravel/framework/src/Illuminate/Foundation/Console/Kernel.php(153): Illuminate\\Foundation\\Console\\Kernel->bootstrap()
#34 Command line code(1): Illuminate\\Foundation\\Console\\Kernel->handle(Object(Symfony\\Component\\Console\\Input\\ArgvInput), Object(Symfony\\Component\\Console\\Output\\ConsoleOutput))
#35 {main}

[previous exception] [object] (PDOException(code: 2002): SQLSTATE[HY000] [2002] No such file or directory at /home/medo/work/eco-jara/fashly/vendor/laravel/framework/src/Illuminate/Database/Connectors/Connector.php:70)
[stacktrace]
#0 /home/medo/work/eco-jara/fashly/vendor/laravel/framework/src/Illuminate/Database/Connectors/Connector.php(70): PDO->__construct('mysql:host=loca...', 'root', Object(SensitiveParameterValue), Array)
#1 /home/medo/work/eco-jara/fashly/vendor/laravel/framework/src/Illuminate/Database/Connectors/Connector.php(100): Illuminate\\Database\\Connectors\\Connector->createPdoConnection('mysql:host=loca...', 'root', '123456', Array)
#2 /home/medo/work/eco-jara/fashly/vendor/laravel/framework/src/Illuminate/Database/Connectors/Connector.php(49): Illuminate\\Database\\Connectors\\Connector->tryAgainIfCausedByLostConnection(Object(PDOException), 'mysql:host=loca...', 'root', '123456', Array)
#3 /home/medo/work/eco-jara/fashly/vendor/laravel/framework/src/Illuminate/Database/Connectors/MySqlConnector.php(24): Illuminate\\Database\\Connectors\\Connector->createConnection('mysql:host=loca...', Array, Array)
#4 /home/medo/work/eco-jara/fashly/vendor/laravel/framework/src/Illuminate/Database/Connectors/ConnectionFactory.php(184): Illuminate\\Database\\Connectors\\MySqlConnector->connect(Array)
#5 [internal function]: Illuminate\\Database\\Connectors\\ConnectionFactory->{closure:Illuminate\\Database\\Connectors\\ConnectionFactory::createPdoResolverWithHosts():179}()
#6 /home/medo/work/eco-jara/fashly/vendor/laravel/framework/src/Illuminate/Database/Connection.php(1181): call_user_func(Object(Closure))
#7 /home/medo/work/eco-jara/fashly/vendor/laravel/framework/src/Illuminate/Database/Connection.php(1217): Illuminate\\Database\\Connection->getPdo()
#8 /home/medo/work/eco-jara/fashly/vendor/laravel/framework/src/Illuminate/Database/Connection.php(486): Illuminate\\Database\\Connection->getReadPdo()
#9 /home/medo/work/eco-jara/fashly/vendor/laravel/framework/src/Illuminate/Database/Connection.php(414): Illuminate\\Database\\Connection->getPdoForSelect(true)
#10 /home/medo/work/eco-jara/fashly/vendor/laravel/framework/src/Illuminate/Database/Connection.php(753): Illuminate\\Database\\Connection->{closure:Illuminate\\Database\\Connection::select():405}('select * from `...', Array)
#11 /home/medo/work/eco-jara/fashly/vendor/laravel/framework/src/Illuminate/Database/Connection.php(899): Illuminate\\Database\\Connection->runQueryCallback('select * from `...', Array, Object(Closure))
#12 /home/medo/work/eco-jara/fashly/vendor/laravel/framework/src/Illuminate/Database/Connection.php(878): Illuminate\\Database\\Connection->tryAgainIfCausedByLostConnection(Object(Illuminate\\Database\\QueryException), 'select * from `...', Array, Object(Closure))
#13 /home/medo/work/eco-jara/fashly/vendor/laravel/framework/src/Illuminate/Database/Connection.php(722): Illuminate\\Database\\Connection->handleQueryException(Object(Illuminate\\Database\\QueryException), 'select * from `...', Array, Object(Closure))
#14 /home/medo/work/eco-jara/fashly/vendor/laravel/framework/src/Illuminate/Database/Connection.php(405): Illuminate\\Database\\Connection->run('select * from `...', Array, Object(Closure))
#15 /home/medo/work/eco-jara/fashly/vendor/laravel/framework/src/Illuminate/Database/Query/Builder.php(2705): Illuminate\\Database\\Connection->select('select * from `...', Array, true)
#16 /home/medo/work/eco-jara/fashly/vendor/laravel/framework/src/Illuminate/Database/Query/Builder.php(2694): Illuminate\\Database\\Query\\Builder->runSelect()
#17 /home/medo/work/eco-jara/fashly/vendor/laravel/framework/src/Illuminate/Database/Query/Builder.php(3230): Illuminate\\Database\\Query\\Builder->{closure:Illuminate\\Database\\Query\\Builder::get():2693}()
#18 /home/medo/work/eco-jara/fashly/vendor/laravel/framework/src/Illuminate/Database/Query/Builder.php(2693): Illuminate\\Database\\Query\\Builder->onceWithColumns(Array, Object(Closure))
#19 /home/medo/work/eco-jara/fashly/vendor/laravel/framework/src/Illuminate/Database/Eloquent/Builder.php(710): Illuminate\\Database\\Query\\Builder->get(Array)
#20 /home/medo/work/eco-jara/fashly/vendor/laravel/framework/src/Illuminate/Database/Eloquent/Builder.php(694): Illuminate\\Database\\Eloquent\\Builder->getModels(Array)
#21 /home/medo/work/eco-jara/fashly/vendor/laravel/framework/src/Illuminate/Database/Eloquent/Model.php(673): Illuminate\\Database\\Eloquent\\Builder->get(Array)
#22 /home/medo/work/eco-jara/fashly/vendor/themelooks/coreservice/src/CoreServiceProvider.php(20): Illuminate\\Database\\Eloquent\\Model::all()
#23 /home/medo/work/eco-jara/fashly/vendor/laravel/framework/src/Illuminate/Container/Container.php(885): ThemeLooks\\CoreService\\CoreServiceProvider->{closure:ThemeLooks\\CoreService\\CoreServiceProvider::register():19}(Object(Illuminate\\Foundation\\Application), Array)
#24 /home/medo/work/eco-jara/fashly/vendor/laravel/framework/src/Illuminate/Container/Container.php(770): Illuminate\\Container\\Container->build(Object(Closure))
#25 /home/medo/work/eco-jara/fashly/vendor/laravel/framework/src/Illuminate/Foundation/Application.php(856): Illuminate\\Container\\Container->resolve('pluginManager', Array, true)
#26 /home/medo/work/eco-jara/fashly/vendor/laravel/framework/src/Illuminate/Container/Container.php(706): Illuminate\\Foundation\\Application->resolve('pluginManager', Array)
#27 /home/medo/work/eco-jara/fashly/vendor/laravel/framework/src/Illuminate/Foundation/Application.php(841): Illuminate\\Container\\Container->make('pluginManager', Array)
#28 /home/medo/work/eco-jara/fashly/vendor/laravel/framework/src/Illuminate/Support/Facades/Facade.php(338): Illuminate\\Foundation\\Application->make('pluginManager')
#29 /home/medo/work/eco-jara/fashly/Core/Helpers/Plugin.php(14): Illuminate\\Support\\Facades\\Facade::__callStatic('make', Array)
#30 /home/medo/work/eco-jara/fashly/vendor/themelooks/coreservice/src/CoreServiceProvider.php(123): getActivePlugins()
#31 /home/medo/work/eco-jara/fashly/vendor/themelooks/coreservice/src/CoreServiceProvider.php(43): ThemeLooks\\CoreService\\CoreServiceProvider->registerPlugins()
#32 /home/medo/work/eco-jara/fashly/vendor/laravel/framework/src/Illuminate/Container/BoundMethod.php(36): ThemeLooks\\CoreService\\CoreServiceProvider->boot()
#33 /home/medo/work/eco-jara/fashly/vendor/laravel/framework/src/Illuminate/Container/Util.php(41): Illuminate\\Container\\BoundMethod::{closure:Illuminate\\Container\\BoundMethod::call():35}()
#34 /home/medo/work/eco-jara/fashly/vendor/laravel/framework/src/Illuminate/Container/BoundMethod.php(93): Illuminate\\Container\\Util::unwrapIfClosure(Object(Closure))
#35 /home/medo/work/eco-jara/fashly/vendor/laravel/framework/src/Illuminate/Container/BoundMethod.php(35): Illuminate\\Container\\BoundMethod::callBoundMethod(Object(Illuminate\\Foundation\\Application), Array, Object(Closure))
#36 /home/medo/work/eco-jara/fashly/vendor/laravel/framework/src/Illuminate/Container/Container.php(661): Illuminate\\Container\\BoundMethod::call(Object(Illuminate\\Foundation\\Application), Array, Array, NULL)
#37 /home/medo/work/eco-jara/fashly/vendor/laravel/framework/src/Illuminate/Foundation/Application.php(929): Illuminate\\Container\\Container->call(Array)
#38 /home/medo/work/eco-jara/fashly/vendor/laravel/framework/src/Illuminate/Foundation/Application.php(910): Illuminate\\Foundation\\Application->bootProvider(Object(ThemeLooks\\CoreService\\CoreServiceProvider))
#39 [internal function]: Illuminate\\Foundation\\Application->{closure:Illuminate\\Foundation\\Application::boot():909}(Object(ThemeLooks\\CoreService\\CoreServiceProvider), 38)
#40 /home/medo/work/eco-jara/fashly/vendor/laravel/framework/src/Illuminate/Foundation/Application.php(909): array_walk(Array, Object(Closure))
#41 /home/medo/work/eco-jara/fashly/vendor/laravel/framework/src/Illuminate/Foundation/Bootstrap/BootProviders.php(17): Illuminate\\Foundation\\Application->boot()
#42 /home/medo/work/eco-jara/fashly/vendor/laravel/framework/src/Illuminate/Foundation/Application.php(242): Illuminate\\Foundation\\Bootstrap\\BootProviders->bootstrap(Object(Illuminate\\Foundation\\Application))
#43 /home/medo/work/eco-jara/fashly/vendor/laravel/framework/src/Illuminate/Foundation/Console/Kernel.php(383): Illuminate\\Foundation\\Application->bootstrapWith(Array)
#44 /home/medo/work/eco-jara/fashly/vendor/laravel/framework/src/Illuminate/Foundation/Console/Kernel.php(153): Illuminate\\Foundation\\Console\\Kernel->bootstrap()
#45 Command line code(1): Illuminate\\Foundation\\Console\\Kernel->handle(Object(Symfony\\Component\\Console\\Input\\ArgvInput), Object(Symfony\\Component\\Console\\Output\\ConsoleOutput))
#46 {main}
"} 
[2025-08-10 03:29:04] local.ERROR: SQLSTATE[HY000] [2002] No such file or directory (SQL: select * from `tl_plugins`) {"exception":"[object] (Illuminate\\Database\\QueryException(code: 2002): SQLSTATE[HY000] [2002] No such file or directory (SQL: select * from `tl_plugins`) at /home/medo/work/eco-jara/fashly/vendor/laravel/framework/src/Illuminate/Database/Connection.php:760)
[stacktrace]
#0 /home/medo/work/eco-jara/fashly/vendor/laravel/framework/src/Illuminate/Database/Connection.php(899): Illuminate\\Database\\Connection->runQueryCallback('select * from `...', Array, Object(Closure))
#1 /home/medo/work/eco-jara/fashly/vendor/laravel/framework/src/Illuminate/Database/Connection.php(878): Illuminate\\Database\\Connection->tryAgainIfCausedByLostConnection(Object(Illuminate\\Database\\QueryException), 'select * from `...', Array, Object(Closure))
#2 /home/medo/work/eco-jara/fashly/vendor/laravel/framework/src/Illuminate/Database/Connection.php(722): Illuminate\\Database\\Connection->handleQueryException(Object(Illuminate\\Database\\QueryException), 'select * from `...', Array, Object(Closure))
#3 /home/medo/work/eco-jara/fashly/vendor/laravel/framework/src/Illuminate/Database/Connection.php(405): Illuminate\\Database\\Connection->run('select * from `...', Array, Object(Closure))
#4 /home/medo/work/eco-jara/fashly/vendor/laravel/framework/src/Illuminate/Database/Query/Builder.php(2705): Illuminate\\Database\\Connection->select('select * from `...', Array, true)
#5 /home/medo/work/eco-jara/fashly/vendor/laravel/framework/src/Illuminate/Database/Query/Builder.php(2694): Illuminate\\Database\\Query\\Builder->runSelect()
#6 /home/medo/work/eco-jara/fashly/vendor/laravel/framework/src/Illuminate/Database/Query/Builder.php(3230): Illuminate\\Database\\Query\\Builder->{closure:Illuminate\\Database\\Query\\Builder::get():2693}()
#7 /home/medo/work/eco-jara/fashly/vendor/laravel/framework/src/Illuminate/Database/Query/Builder.php(2693): Illuminate\\Database\\Query\\Builder->onceWithColumns(Array, Object(Closure))
#8 /home/medo/work/eco-jara/fashly/vendor/laravel/framework/src/Illuminate/Database/Eloquent/Builder.php(710): Illuminate\\Database\\Query\\Builder->get(Array)
#9 /home/medo/work/eco-jara/fashly/vendor/laravel/framework/src/Illuminate/Database/Eloquent/Builder.php(694): Illuminate\\Database\\Eloquent\\Builder->getModels(Array)
#10 /home/medo/work/eco-jara/fashly/vendor/laravel/framework/src/Illuminate/Database/Eloquent/Model.php(673): Illuminate\\Database\\Eloquent\\Builder->get(Array)
#11 /home/medo/work/eco-jara/fashly/vendor/themelooks/coreservice/src/CoreServiceProvider.php(20): Illuminate\\Database\\Eloquent\\Model::all()
#12 /home/medo/work/eco-jara/fashly/vendor/laravel/framework/src/Illuminate/Container/Container.php(885): ThemeLooks\\CoreService\\CoreServiceProvider->{closure:ThemeLooks\\CoreService\\CoreServiceProvider::register():19}(Object(Illuminate\\Foundation\\Application), Array)
#13 /home/medo/work/eco-jara/fashly/vendor/laravel/framework/src/Illuminate/Container/Container.php(770): Illuminate\\Container\\Container->build(Object(Closure))
#14 /home/medo/work/eco-jara/fashly/vendor/laravel/framework/src/Illuminate/Foundation/Application.php(856): Illuminate\\Container\\Container->resolve('pluginManager', Array, true)
#15 /home/medo/work/eco-jara/fashly/vendor/laravel/framework/src/Illuminate/Container/Container.php(706): Illuminate\\Foundation\\Application->resolve('pluginManager', Array)
#16 /home/medo/work/eco-jara/fashly/vendor/laravel/framework/src/Illuminate/Foundation/Application.php(841): Illuminate\\Container\\Container->make('pluginManager', Array)
#17 /home/medo/work/eco-jara/fashly/vendor/laravel/framework/src/Illuminate/Support/Facades/Facade.php(338): Illuminate\\Foundation\\Application->make('pluginManager')
#18 /home/medo/work/eco-jara/fashly/Core/Helpers/Plugin.php(14): Illuminate\\Support\\Facades\\Facade::__callStatic('make', Array)
#19 /home/medo/work/eco-jara/fashly/vendor/themelooks/coreservice/src/CoreServiceProvider.php(123): getActivePlugins()
#20 /home/medo/work/eco-jara/fashly/vendor/themelooks/coreservice/src/CoreServiceProvider.php(43): ThemeLooks\\CoreService\\CoreServiceProvider->registerPlugins()
#21 /home/medo/work/eco-jara/fashly/vendor/laravel/framework/src/Illuminate/Container/BoundMethod.php(36): ThemeLooks\\CoreService\\CoreServiceProvider->boot()
#22 /home/medo/work/eco-jara/fashly/vendor/laravel/framework/src/Illuminate/Container/Util.php(41): Illuminate\\Container\\BoundMethod::{closure:Illuminate\\Container\\BoundMethod::call():35}()
#23 /home/medo/work/eco-jara/fashly/vendor/laravel/framework/src/Illuminate/Container/BoundMethod.php(93): Illuminate\\Container\\Util::unwrapIfClosure(Object(Closure))
#24 /home/medo/work/eco-jara/fashly/vendor/laravel/framework/src/Illuminate/Container/BoundMethod.php(35): Illuminate\\Container\\BoundMethod::callBoundMethod(Object(Illuminate\\Foundation\\Application), Array, Object(Closure))
#25 /home/medo/work/eco-jara/fashly/vendor/laravel/framework/src/Illuminate/Container/Container.php(661): Illuminate\\Container\\BoundMethod::call(Object(Illuminate\\Foundation\\Application), Array, Array, NULL)
#26 /home/medo/work/eco-jara/fashly/vendor/laravel/framework/src/Illuminate/Foundation/Application.php(929): Illuminate\\Container\\Container->call(Array)
#27 /home/medo/work/eco-jara/fashly/vendor/laravel/framework/src/Illuminate/Foundation/Application.php(910): Illuminate\\Foundation\\Application->bootProvider(Object(ThemeLooks\\CoreService\\CoreServiceProvider))
#28 [internal function]: Illuminate\\Foundation\\Application->{closure:Illuminate\\Foundation\\Application::boot():909}(Object(ThemeLooks\\CoreService\\CoreServiceProvider), 38)
#29 /home/medo/work/eco-jara/fashly/vendor/laravel/framework/src/Illuminate/Foundation/Application.php(909): array_walk(Array, Object(Closure))
#30 /home/medo/work/eco-jara/fashly/vendor/laravel/framework/src/Illuminate/Foundation/Bootstrap/BootProviders.php(17): Illuminate\\Foundation\\Application->boot()
#31 /home/medo/work/eco-jara/fashly/vendor/laravel/framework/src/Illuminate/Foundation/Application.php(242): Illuminate\\Foundation\\Bootstrap\\BootProviders->bootstrap(Object(Illuminate\\Foundation\\Application))
#32 /home/medo/work/eco-jara/fashly/vendor/laravel/framework/src/Illuminate/Foundation/Console/Kernel.php(383): Illuminate\\Foundation\\Application->bootstrapWith(Array)
#33 /home/medo/work/eco-jara/fashly/vendor/laravel/framework/src/Illuminate/Foundation/Console/Kernel.php(153): Illuminate\\Foundation\\Console\\Kernel->bootstrap()
#34 Command line code(1): Illuminate\\Foundation\\Console\\Kernel->handle(Object(Symfony\\Component\\Console\\Input\\ArgvInput), Object(Symfony\\Component\\Console\\Output\\ConsoleOutput))
#35 {main}

[previous exception] [object] (PDOException(code: 2002): SQLSTATE[HY000] [2002] No such file or directory at /home/medo/work/eco-jara/fashly/vendor/laravel/framework/src/Illuminate/Database/Connectors/Connector.php:70)
[stacktrace]
#0 /home/medo/work/eco-jara/fashly/vendor/laravel/framework/src/Illuminate/Database/Connectors/Connector.php(70): PDO->__construct('mysql:host=loca...', 'root', Object(SensitiveParameterValue), Array)
#1 /home/medo/work/eco-jara/fashly/vendor/laravel/framework/src/Illuminate/Database/Connectors/Connector.php(100): Illuminate\\Database\\Connectors\\Connector->createPdoConnection('mysql:host=loca...', 'root', '123456', Array)
#2 /home/medo/work/eco-jara/fashly/vendor/laravel/framework/src/Illuminate/Database/Connectors/Connector.php(49): Illuminate\\Database\\Connectors\\Connector->tryAgainIfCausedByLostConnection(Object(PDOException), 'mysql:host=loca...', 'root', '123456', Array)
#3 /home/medo/work/eco-jara/fashly/vendor/laravel/framework/src/Illuminate/Database/Connectors/MySqlConnector.php(24): Illuminate\\Database\\Connectors\\Connector->createConnection('mysql:host=loca...', Array, Array)
#4 /home/medo/work/eco-jara/fashly/vendor/laravel/framework/src/Illuminate/Database/Connectors/ConnectionFactory.php(184): Illuminate\\Database\\Connectors\\MySqlConnector->connect(Array)
#5 [internal function]: Illuminate\\Database\\Connectors\\ConnectionFactory->{closure:Illuminate\\Database\\Connectors\\ConnectionFactory::createPdoResolverWithHosts():179}()
#6 /home/medo/work/eco-jara/fashly/vendor/laravel/framework/src/Illuminate/Database/Connection.php(1181): call_user_func(Object(Closure))
#7 /home/medo/work/eco-jara/fashly/vendor/laravel/framework/src/Illuminate/Database/Connection.php(1217): Illuminate\\Database\\Connection->getPdo()
#8 /home/medo/work/eco-jara/fashly/vendor/laravel/framework/src/Illuminate/Database/Connection.php(486): Illuminate\\Database\\Connection->getReadPdo()
#9 /home/medo/work/eco-jara/fashly/vendor/laravel/framework/src/Illuminate/Database/Connection.php(414): Illuminate\\Database\\Connection->getPdoForSelect(true)
#10 /home/medo/work/eco-jara/fashly/vendor/laravel/framework/src/Illuminate/Database/Connection.php(753): Illuminate\\Database\\Connection->{closure:Illuminate\\Database\\Connection::select():405}('select * from `...', Array)
#11 /home/medo/work/eco-jara/fashly/vendor/laravel/framework/src/Illuminate/Database/Connection.php(899): Illuminate\\Database\\Connection->runQueryCallback('select * from `...', Array, Object(Closure))
#12 /home/medo/work/eco-jara/fashly/vendor/laravel/framework/src/Illuminate/Database/Connection.php(878): Illuminate\\Database\\Connection->tryAgainIfCausedByLostConnection(Object(Illuminate\\Database\\QueryException), 'select * from `...', Array, Object(Closure))
#13 /home/medo/work/eco-jara/fashly/vendor/laravel/framework/src/Illuminate/Database/Connection.php(722): Illuminate\\Database\\Connection->handleQueryException(Object(Illuminate\\Database\\QueryException), 'select * from `...', Array, Object(Closure))
#14 /home/medo/work/eco-jara/fashly/vendor/laravel/framework/src/Illuminate/Database/Connection.php(405): Illuminate\\Database\\Connection->run('select * from `...', Array, Object(Closure))
#15 /home/medo/work/eco-jara/fashly/vendor/laravel/framework/src/Illuminate/Database/Query/Builder.php(2705): Illuminate\\Database\\Connection->select('select * from `...', Array, true)
#16 /home/medo/work/eco-jara/fashly/vendor/laravel/framework/src/Illuminate/Database/Query/Builder.php(2694): Illuminate\\Database\\Query\\Builder->runSelect()
#17 /home/medo/work/eco-jara/fashly/vendor/laravel/framework/src/Illuminate/Database/Query/Builder.php(3230): Illuminate\\Database\\Query\\Builder->{closure:Illuminate\\Database\\Query\\Builder::get():2693}()
#18 /home/medo/work/eco-jara/fashly/vendor/laravel/framework/src/Illuminate/Database/Query/Builder.php(2693): Illuminate\\Database\\Query\\Builder->onceWithColumns(Array, Object(Closure))
#19 /home/medo/work/eco-jara/fashly/vendor/laravel/framework/src/Illuminate/Database/Eloquent/Builder.php(710): Illuminate\\Database\\Query\\Builder->get(Array)
#20 /home/medo/work/eco-jara/fashly/vendor/laravel/framework/src/Illuminate/Database/Eloquent/Builder.php(694): Illuminate\\Database\\Eloquent\\Builder->getModels(Array)
#21 /home/medo/work/eco-jara/fashly/vendor/laravel/framework/src/Illuminate/Database/Eloquent/Model.php(673): Illuminate\\Database\\Eloquent\\Builder->get(Array)
#22 /home/medo/work/eco-jara/fashly/vendor/themelooks/coreservice/src/CoreServiceProvider.php(20): Illuminate\\Database\\Eloquent\\Model::all()
#23 /home/medo/work/eco-jara/fashly/vendor/laravel/framework/src/Illuminate/Container/Container.php(885): ThemeLooks\\CoreService\\CoreServiceProvider->{closure:ThemeLooks\\CoreService\\CoreServiceProvider::register():19}(Object(Illuminate\\Foundation\\Application), Array)
#24 /home/medo/work/eco-jara/fashly/vendor/laravel/framework/src/Illuminate/Container/Container.php(770): Illuminate\\Container\\Container->build(Object(Closure))
#25 /home/medo/work/eco-jara/fashly/vendor/laravel/framework/src/Illuminate/Foundation/Application.php(856): Illuminate\\Container\\Container->resolve('pluginManager', Array, true)
#26 /home/medo/work/eco-jara/fashly/vendor/laravel/framework/src/Illuminate/Container/Container.php(706): Illuminate\\Foundation\\Application->resolve('pluginManager', Array)
#27 /home/medo/work/eco-jara/fashly/vendor/laravel/framework/src/Illuminate/Foundation/Application.php(841): Illuminate\\Container\\Container->make('pluginManager', Array)
#28 /home/medo/work/eco-jara/fashly/vendor/laravel/framework/src/Illuminate/Support/Facades/Facade.php(338): Illuminate\\Foundation\\Application->make('pluginManager')
#29 /home/medo/work/eco-jara/fashly/Core/Helpers/Plugin.php(14): Illuminate\\Support\\Facades\\Facade::__callStatic('make', Array)
#30 /home/medo/work/eco-jara/fashly/vendor/themelooks/coreservice/src/CoreServiceProvider.php(123): getActivePlugins()
#31 /home/medo/work/eco-jara/fashly/vendor/themelooks/coreservice/src/CoreServiceProvider.php(43): ThemeLooks\\CoreService\\CoreServiceProvider->registerPlugins()
#32 /home/medo/work/eco-jara/fashly/vendor/laravel/framework/src/Illuminate/Container/BoundMethod.php(36): ThemeLooks\\CoreService\\CoreServiceProvider->boot()
#33 /home/medo/work/eco-jara/fashly/vendor/laravel/framework/src/Illuminate/Container/Util.php(41): Illuminate\\Container\\BoundMethod::{closure:Illuminate\\Container\\BoundMethod::call():35}()
#34 /home/medo/work/eco-jara/fashly/vendor/laravel/framework/src/Illuminate/Container/BoundMethod.php(93): Illuminate\\Container\\Util::unwrapIfClosure(Object(Closure))
#35 /home/medo/work/eco-jara/fashly/vendor/laravel/framework/src/Illuminate/Container/BoundMethod.php(35): Illuminate\\Container\\BoundMethod::callBoundMethod(Object(Illuminate\\Foundation\\Application), Array, Object(Closure))
#36 /home/medo/work/eco-jara/fashly/vendor/laravel/framework/src/Illuminate/Container/Container.php(661): Illuminate\\Container\\BoundMethod::call(Object(Illuminate\\Foundation\\Application), Array, Array, NULL)
#37 /home/medo/work/eco-jara/fashly/vendor/laravel/framework/src/Illuminate/Foundation/Application.php(929): Illuminate\\Container\\Container->call(Array)
#38 /home/medo/work/eco-jara/fashly/vendor/laravel/framework/src/Illuminate/Foundation/Application.php(910): Illuminate\\Foundation\\Application->bootProvider(Object(ThemeLooks\\CoreService\\CoreServiceProvider))
#39 [internal function]: Illuminate\\Foundation\\Application->{closure:Illuminate\\Foundation\\Application::boot():909}(Object(ThemeLooks\\CoreService\\CoreServiceProvider), 38)
#40 /home/medo/work/eco-jara/fashly/vendor/laravel/framework/src/Illuminate/Foundation/Application.php(909): array_walk(Array, Object(Closure))
#41 /home/medo/work/eco-jara/fashly/vendor/laravel/framework/src/Illuminate/Foundation/Bootstrap/BootProviders.php(17): Illuminate\\Foundation\\Application->boot()
#42 /home/medo/work/eco-jara/fashly/vendor/laravel/framework/src/Illuminate/Foundation/Application.php(242): Illuminate\\Foundation\\Bootstrap\\BootProviders->bootstrap(Object(Illuminate\\Foundation\\Application))
#43 /home/medo/work/eco-jara/fashly/vendor/laravel/framework/src/Illuminate/Foundation/Console/Kernel.php(383): Illuminate\\Foundation\\Application->bootstrapWith(Array)
#44 /home/medo/work/eco-jara/fashly/vendor/laravel/framework/src/Illuminate/Foundation/Console/Kernel.php(153): Illuminate\\Foundation\\Console\\Kernel->bootstrap()
#45 Command line code(1): Illuminate\\Foundation\\Console\\Kernel->handle(Object(Symfony\\Component\\Console\\Input\\ArgvInput), Object(Symfony\\Component\\Console\\Output\\ConsoleOutput))
#46 {main}
"} 
[2025-08-10 03:29:45] local.ERROR: SQLSTATE[HY000] [2002] No such file or directory (SQL: select * from `tl_plugins`) {"exception":"[object] (Illuminate\\Database\\QueryException(code: 2002): SQLSTATE[HY000] [2002] No such file or directory (SQL: select * from `tl_plugins`) at /home/medo/work/eco-jara/fashly/vendor/laravel/framework/src/Illuminate/Database/Connection.php:760)
[stacktrace]
#0 /home/medo/work/eco-jara/fashly/vendor/laravel/framework/src/Illuminate/Database/Connection.php(899): Illuminate\\Database\\Connection->runQueryCallback('select * from `...', Array, Object(Closure))
#1 /home/medo/work/eco-jara/fashly/vendor/laravel/framework/src/Illuminate/Database/Connection.php(878): Illuminate\\Database\\Connection->tryAgainIfCausedByLostConnection(Object(Illuminate\\Database\\QueryException), 'select * from `...', Array, Object(Closure))
#2 /home/medo/work/eco-jara/fashly/vendor/laravel/framework/src/Illuminate/Database/Connection.php(722): Illuminate\\Database\\Connection->handleQueryException(Object(Illuminate\\Database\\QueryException), 'select * from `...', Array, Object(Closure))
#3 /home/medo/work/eco-jara/fashly/vendor/laravel/framework/src/Illuminate/Database/Connection.php(405): Illuminate\\Database\\Connection->run('select * from `...', Array, Object(Closure))
#4 /home/medo/work/eco-jara/fashly/vendor/laravel/framework/src/Illuminate/Database/Query/Builder.php(2705): Illuminate\\Database\\Connection->select('select * from `...', Array, true)
#5 /home/medo/work/eco-jara/fashly/vendor/laravel/framework/src/Illuminate/Database/Query/Builder.php(2694): Illuminate\\Database\\Query\\Builder->runSelect()
#6 /home/medo/work/eco-jara/fashly/vendor/laravel/framework/src/Illuminate/Database/Query/Builder.php(3230): Illuminate\\Database\\Query\\Builder->{closure:Illuminate\\Database\\Query\\Builder::get():2693}()
#7 /home/medo/work/eco-jara/fashly/vendor/laravel/framework/src/Illuminate/Database/Query/Builder.php(2693): Illuminate\\Database\\Query\\Builder->onceWithColumns(Array, Object(Closure))
#8 /home/medo/work/eco-jara/fashly/vendor/laravel/framework/src/Illuminate/Database/Eloquent/Builder.php(710): Illuminate\\Database\\Query\\Builder->get(Array)
#9 /home/medo/work/eco-jara/fashly/vendor/laravel/framework/src/Illuminate/Database/Eloquent/Builder.php(694): Illuminate\\Database\\Eloquent\\Builder->getModels(Array)
#10 /home/medo/work/eco-jara/fashly/vendor/laravel/framework/src/Illuminate/Database/Eloquent/Model.php(673): Illuminate\\Database\\Eloquent\\Builder->get(Array)
#11 /home/medo/work/eco-jara/fashly/vendor/themelooks/coreservice/src/CoreServiceProvider.php(20): Illuminate\\Database\\Eloquent\\Model::all()
#12 /home/medo/work/eco-jara/fashly/vendor/laravel/framework/src/Illuminate/Container/Container.php(885): ThemeLooks\\CoreService\\CoreServiceProvider->{closure:ThemeLooks\\CoreService\\CoreServiceProvider::register():19}(Object(Illuminate\\Foundation\\Application), Array)
#13 /home/medo/work/eco-jara/fashly/vendor/laravel/framework/src/Illuminate/Container/Container.php(770): Illuminate\\Container\\Container->build(Object(Closure))
#14 /home/medo/work/eco-jara/fashly/vendor/laravel/framework/src/Illuminate/Foundation/Application.php(856): Illuminate\\Container\\Container->resolve('pluginManager', Array, true)
#15 /home/medo/work/eco-jara/fashly/vendor/laravel/framework/src/Illuminate/Container/Container.php(706): Illuminate\\Foundation\\Application->resolve('pluginManager', Array)
#16 /home/medo/work/eco-jara/fashly/vendor/laravel/framework/src/Illuminate/Foundation/Application.php(841): Illuminate\\Container\\Container->make('pluginManager', Array)
#17 /home/medo/work/eco-jara/fashly/vendor/laravel/framework/src/Illuminate/Support/Facades/Facade.php(338): Illuminate\\Foundation\\Application->make('pluginManager')
#18 /home/medo/work/eco-jara/fashly/Core/Helpers/Plugin.php(14): Illuminate\\Support\\Facades\\Facade::__callStatic('make', Array)
#19 /home/medo/work/eco-jara/fashly/vendor/themelooks/coreservice/src/CoreServiceProvider.php(123): getActivePlugins()
#20 /home/medo/work/eco-jara/fashly/vendor/themelooks/coreservice/src/CoreServiceProvider.php(43): ThemeLooks\\CoreService\\CoreServiceProvider->registerPlugins()
#21 /home/medo/work/eco-jara/fashly/vendor/laravel/framework/src/Illuminate/Container/BoundMethod.php(36): ThemeLooks\\CoreService\\CoreServiceProvider->boot()
#22 /home/medo/work/eco-jara/fashly/vendor/laravel/framework/src/Illuminate/Container/Util.php(41): Illuminate\\Container\\BoundMethod::{closure:Illuminate\\Container\\BoundMethod::call():35}()
#23 /home/medo/work/eco-jara/fashly/vendor/laravel/framework/src/Illuminate/Container/BoundMethod.php(93): Illuminate\\Container\\Util::unwrapIfClosure(Object(Closure))
#24 /home/medo/work/eco-jara/fashly/vendor/laravel/framework/src/Illuminate/Container/BoundMethod.php(35): Illuminate\\Container\\BoundMethod::callBoundMethod(Object(Illuminate\\Foundation\\Application), Array, Object(Closure))
#25 /home/medo/work/eco-jara/fashly/vendor/laravel/framework/src/Illuminate/Container/Container.php(661): Illuminate\\Container\\BoundMethod::call(Object(Illuminate\\Foundation\\Application), Array, Array, NULL)
#26 /home/medo/work/eco-jara/fashly/vendor/laravel/framework/src/Illuminate/Foundation/Application.php(929): Illuminate\\Container\\Container->call(Array)
#27 /home/medo/work/eco-jara/fashly/vendor/laravel/framework/src/Illuminate/Foundation/Application.php(910): Illuminate\\Foundation\\Application->bootProvider(Object(ThemeLooks\\CoreService\\CoreServiceProvider))
#28 [internal function]: Illuminate\\Foundation\\Application->{closure:Illuminate\\Foundation\\Application::boot():909}(Object(ThemeLooks\\CoreService\\CoreServiceProvider), 38)
#29 /home/medo/work/eco-jara/fashly/vendor/laravel/framework/src/Illuminate/Foundation/Application.php(909): array_walk(Array, Object(Closure))
#30 /home/medo/work/eco-jara/fashly/vendor/laravel/framework/src/Illuminate/Foundation/Bootstrap/BootProviders.php(17): Illuminate\\Foundation\\Application->boot()
#31 /home/medo/work/eco-jara/fashly/vendor/laravel/framework/src/Illuminate/Foundation/Application.php(242): Illuminate\\Foundation\\Bootstrap\\BootProviders->bootstrap(Object(Illuminate\\Foundation\\Application))
#32 /home/medo/work/eco-jara/fashly/vendor/laravel/framework/src/Illuminate/Foundation/Console/Kernel.php(383): Illuminate\\Foundation\\Application->bootstrapWith(Array)
#33 /home/medo/work/eco-jara/fashly/vendor/laravel/framework/src/Illuminate/Foundation/Console/Kernel.php(153): Illuminate\\Foundation\\Console\\Kernel->bootstrap()
#34 Command line code(1): Illuminate\\Foundation\\Console\\Kernel->handle(Object(Symfony\\Component\\Console\\Input\\ArgvInput), Object(Symfony\\Component\\Console\\Output\\ConsoleOutput))
#35 {main}

[previous exception] [object] (PDOException(code: 2002): SQLSTATE[HY000] [2002] No such file or directory at /home/medo/work/eco-jara/fashly/vendor/laravel/framework/src/Illuminate/Database/Connectors/Connector.php:70)
[stacktrace]
#0 /home/medo/work/eco-jara/fashly/vendor/laravel/framework/src/Illuminate/Database/Connectors/Connector.php(70): PDO->__construct('mysql:host=loca...', 'root', Object(SensitiveParameterValue), Array)
#1 /home/medo/work/eco-jara/fashly/vendor/laravel/framework/src/Illuminate/Database/Connectors/Connector.php(100): Illuminate\\Database\\Connectors\\Connector->createPdoConnection('mysql:host=loca...', 'root', '123456', Array)
#2 /home/medo/work/eco-jara/fashly/vendor/laravel/framework/src/Illuminate/Database/Connectors/Connector.php(49): Illuminate\\Database\\Connectors\\Connector->tryAgainIfCausedByLostConnection(Object(PDOException), 'mysql:host=loca...', 'root', '123456', Array)
#3 /home/medo/work/eco-jara/fashly/vendor/laravel/framework/src/Illuminate/Database/Connectors/MySqlConnector.php(24): Illuminate\\Database\\Connectors\\Connector->createConnection('mysql:host=loca...', Array, Array)
#4 /home/medo/work/eco-jara/fashly/vendor/laravel/framework/src/Illuminate/Database/Connectors/ConnectionFactory.php(184): Illuminate\\Database\\Connectors\\MySqlConnector->connect(Array)
#5 [internal function]: Illuminate\\Database\\Connectors\\ConnectionFactory->{closure:Illuminate\\Database\\Connectors\\ConnectionFactory::createPdoResolverWithHosts():179}()
#6 /home/medo/work/eco-jara/fashly/vendor/laravel/framework/src/Illuminate/Database/Connection.php(1181): call_user_func(Object(Closure))
#7 /home/medo/work/eco-jara/fashly/vendor/laravel/framework/src/Illuminate/Database/Connection.php(1217): Illuminate\\Database\\Connection->getPdo()
#8 /home/medo/work/eco-jara/fashly/vendor/laravel/framework/src/Illuminate/Database/Connection.php(486): Illuminate\\Database\\Connection->getReadPdo()
#9 /home/medo/work/eco-jara/fashly/vendor/laravel/framework/src/Illuminate/Database/Connection.php(414): Illuminate\\Database\\Connection->getPdoForSelect(true)
#10 /home/medo/work/eco-jara/fashly/vendor/laravel/framework/src/Illuminate/Database/Connection.php(753): Illuminate\\Database\\Connection->{closure:Illuminate\\Database\\Connection::select():405}('select * from `...', Array)
#11 /home/medo/work/eco-jara/fashly/vendor/laravel/framework/src/Illuminate/Database/Connection.php(899): Illuminate\\Database\\Connection->runQueryCallback('select * from `...', Array, Object(Closure))
#12 /home/medo/work/eco-jara/fashly/vendor/laravel/framework/src/Illuminate/Database/Connection.php(878): Illuminate\\Database\\Connection->tryAgainIfCausedByLostConnection(Object(Illuminate\\Database\\QueryException), 'select * from `...', Array, Object(Closure))
#13 /home/medo/work/eco-jara/fashly/vendor/laravel/framework/src/Illuminate/Database/Connection.php(722): Illuminate\\Database\\Connection->handleQueryException(Object(Illuminate\\Database\\QueryException), 'select * from `...', Array, Object(Closure))
#14 /home/medo/work/eco-jara/fashly/vendor/laravel/framework/src/Illuminate/Database/Connection.php(405): Illuminate\\Database\\Connection->run('select * from `...', Array, Object(Closure))
#15 /home/medo/work/eco-jara/fashly/vendor/laravel/framework/src/Illuminate/Database/Query/Builder.php(2705): Illuminate\\Database\\Connection->select('select * from `...', Array, true)
#16 /home/medo/work/eco-jara/fashly/vendor/laravel/framework/src/Illuminate/Database/Query/Builder.php(2694): Illuminate\\Database\\Query\\Builder->runSelect()
#17 /home/medo/work/eco-jara/fashly/vendor/laravel/framework/src/Illuminate/Database/Query/Builder.php(3230): Illuminate\\Database\\Query\\Builder->{closure:Illuminate\\Database\\Query\\Builder::get():2693}()
#18 /home/medo/work/eco-jara/fashly/vendor/laravel/framework/src/Illuminate/Database/Query/Builder.php(2693): Illuminate\\Database\\Query\\Builder->onceWithColumns(Array, Object(Closure))
#19 /home/medo/work/eco-jara/fashly/vendor/laravel/framework/src/Illuminate/Database/Eloquent/Builder.php(710): Illuminate\\Database\\Query\\Builder->get(Array)
#20 /home/medo/work/eco-jara/fashly/vendor/laravel/framework/src/Illuminate/Database/Eloquent/Builder.php(694): Illuminate\\Database\\Eloquent\\Builder->getModels(Array)
#21 /home/medo/work/eco-jara/fashly/vendor/laravel/framework/src/Illuminate/Database/Eloquent/Model.php(673): Illuminate\\Database\\Eloquent\\Builder->get(Array)
#22 /home/medo/work/eco-jara/fashly/vendor/themelooks/coreservice/src/CoreServiceProvider.php(20): Illuminate\\Database\\Eloquent\\Model::all()
#23 /home/medo/work/eco-jara/fashly/vendor/laravel/framework/src/Illuminate/Container/Container.php(885): ThemeLooks\\CoreService\\CoreServiceProvider->{closure:ThemeLooks\\CoreService\\CoreServiceProvider::register():19}(Object(Illuminate\\Foundation\\Application), Array)
#24 /home/medo/work/eco-jara/fashly/vendor/laravel/framework/src/Illuminate/Container/Container.php(770): Illuminate\\Container\\Container->build(Object(Closure))
#25 /home/medo/work/eco-jara/fashly/vendor/laravel/framework/src/Illuminate/Foundation/Application.php(856): Illuminate\\Container\\Container->resolve('pluginManager', Array, true)
#26 /home/medo/work/eco-jara/fashly/vendor/laravel/framework/src/Illuminate/Container/Container.php(706): Illuminate\\Foundation\\Application->resolve('pluginManager', Array)
#27 /home/medo/work/eco-jara/fashly/vendor/laravel/framework/src/Illuminate/Foundation/Application.php(841): Illuminate\\Container\\Container->make('pluginManager', Array)
#28 /home/medo/work/eco-jara/fashly/vendor/laravel/framework/src/Illuminate/Support/Facades/Facade.php(338): Illuminate\\Foundation\\Application->make('pluginManager')
#29 /home/medo/work/eco-jara/fashly/Core/Helpers/Plugin.php(14): Illuminate\\Support\\Facades\\Facade::__callStatic('make', Array)
#30 /home/medo/work/eco-jara/fashly/vendor/themelooks/coreservice/src/CoreServiceProvider.php(123): getActivePlugins()
#31 /home/medo/work/eco-jara/fashly/vendor/themelooks/coreservice/src/CoreServiceProvider.php(43): ThemeLooks\\CoreService\\CoreServiceProvider->registerPlugins()
#32 /home/medo/work/eco-jara/fashly/vendor/laravel/framework/src/Illuminate/Container/BoundMethod.php(36): ThemeLooks\\CoreService\\CoreServiceProvider->boot()
#33 /home/medo/work/eco-jara/fashly/vendor/laravel/framework/src/Illuminate/Container/Util.php(41): Illuminate\\Container\\BoundMethod::{closure:Illuminate\\Container\\BoundMethod::call():35}()
#34 /home/medo/work/eco-jara/fashly/vendor/laravel/framework/src/Illuminate/Container/BoundMethod.php(93): Illuminate\\Container\\Util::unwrapIfClosure(Object(Closure))
#35 /home/medo/work/eco-jara/fashly/vendor/laravel/framework/src/Illuminate/Container/BoundMethod.php(35): Illuminate\\Container\\BoundMethod::callBoundMethod(Object(Illuminate\\Foundation\\Application), Array, Object(Closure))
#36 /home/medo/work/eco-jara/fashly/vendor/laravel/framework/src/Illuminate/Container/Container.php(661): Illuminate\\Container\\BoundMethod::call(Object(Illuminate\\Foundation\\Application), Array, Array, NULL)
#37 /home/medo/work/eco-jara/fashly/vendor/laravel/framework/src/Illuminate/Foundation/Application.php(929): Illuminate\\Container\\Container->call(Array)
#38 /home/medo/work/eco-jara/fashly/vendor/laravel/framework/src/Illuminate/Foundation/Application.php(910): Illuminate\\Foundation\\Application->bootProvider(Object(ThemeLooks\\CoreService\\CoreServiceProvider))
#39 [internal function]: Illuminate\\Foundation\\Application->{closure:Illuminate\\Foundation\\Application::boot():909}(Object(ThemeLooks\\CoreService\\CoreServiceProvider), 38)
#40 /home/medo/work/eco-jara/fashly/vendor/laravel/framework/src/Illuminate/Foundation/Application.php(909): array_walk(Array, Object(Closure))
#41 /home/medo/work/eco-jara/fashly/vendor/laravel/framework/src/Illuminate/Foundation/Bootstrap/BootProviders.php(17): Illuminate\\Foundation\\Application->boot()
#42 /home/medo/work/eco-jara/fashly/vendor/laravel/framework/src/Illuminate/Foundation/Application.php(242): Illuminate\\Foundation\\Bootstrap\\BootProviders->bootstrap(Object(Illuminate\\Foundation\\Application))
#43 /home/medo/work/eco-jara/fashly/vendor/laravel/framework/src/Illuminate/Foundation/Console/Kernel.php(383): Illuminate\\Foundation\\Application->bootstrapWith(Array)
#44 /home/medo/work/eco-jara/fashly/vendor/laravel/framework/src/Illuminate/Foundation/Console/Kernel.php(153): Illuminate\\Foundation\\Console\\Kernel->bootstrap()
#45 Command line code(1): Illuminate\\Foundation\\Console\\Kernel->handle(Object(Symfony\\Component\\Console\\Input\\ArgvInput), Object(Symfony\\Component\\Console\\Output\\ConsoleOutput))
#46 {main}
"} 
